server.ts(1,21): error TS2306: File 'F:/Projects/GTA-Banking/backend/app.ts' is not a module.
server.ts(2,27): error TS2306: File 'F:/Projects/GTA-Banking/backend/config/db.ts' is not a module.
